#-----------------------------------------------------------
# Vivado v2022.1 (64-bit)
# SW Build 3526262 on Mon Apr 18 15:48:16 MDT 2022
# IP Build 3524634 on Mon Apr 18 20:55:01 MDT 2022
# Start of session at: Tue Nov 22 18:44:37 2022
# Process ID: 4844
# Current directory: D:/@UNIVERSIDAD/trabajo_sed/trabajo_LEDS/project_1
# Command line: vivado.exe -gui_launcher_event rodinguilauncherevent13700 D:\@UNIVERSIDAD\trabajo_sed\trabajo_LEDS\project_1\project_1.xpr
# Log file: D:/@UNIVERSIDAD/trabajo_sed/trabajo_LEDS/project_1/vivado.log
# Journal file: D:/@UNIVERSIDAD/trabajo_sed/trabajo_LEDS/project_1\vivado.jou
# Running On: DESKTOP-1IE6CUJ, OS: Windows, CPU Frequency: 2808 MHz, CPU Physical cores: 4, Host memory: 17134 MB
#-----------------------------------------------------------
start_gui
open_project D:/@UNIVERSIDAD/trabajo_sed/trabajo_LEDS/project_1/project_1.xpr
update_compile_order -fileset sources_1
close [ open D:/@UNIVERSIDAD/trabajo_sed/trabajo_LEDS/project_1/project_1.srcs/sources_1/new/debouncer.vhd w ]
add_files D:/@UNIVERSIDAD/trabajo_sed/trabajo_LEDS/project_1/project_1.srcs/sources_1/new/debouncer.vhd
update_compile_order -fileset sources_1
reset_run synth_1
launch_runs synth_1 -jobs 4
wait_on_run synth_1
launch_runs impl_1 -jobs 4
wait_on_run impl_1
